// Jest Snapshot v1, https://goo.gl/fbAQLP

exports[`<PrimeraApp /> should show correctly PrimeraApp component 1`] = `
<Fragment>
  <h1
    id="greeting-id"
  >
    Hello Test
  </h1>
  <p>
    Soy un subtitulo
  </p>
</Fragment>
`;
